// Jest Snapshot v1, https://goo.gl/fbAQLP

exports[`LoadSpinner.vue renders correctly 1`] = `
<div
  class="loader"
>
  <div
    class="spinner"
  />
</div>
`;
